2026-07-24 08:41:17 [background-preinit] INFO  o.h.validator.internal.util.Version - HV000001: Hibernate Validator 8.0.3.Final
2026-07-24 08:41:17 [restartedMain] INFO  com.ecommerce.Application - Starting Application using Java 21.0.11 with PID 16504 (C:\Users\PbL\Desktop\Exercicios\ecommerce-api\target\classes started by PbL in C:\Users\PbL\Desktop\Exercicios\ecommerce-api)
2026-07-24 08:41:17 [restartedMain] DEBUG com.ecommerce.Application - Running with Spring Boot v3.5.16, Spring v6.2.19
2026-07-24 08:41:17 [restartedMain] INFO  com.ecommerce.Application - No active profile set, falling back to 1 default profile: "default"
2026-07-24 08:41:17 [restartedMain] INFO  o.s.b.d.e.DevToolsPropertyDefaultsPostProcessor - Devtools property defaults active! Set 'spring.devtools.add-properties' to 'false' to disable
2026-07-24 08:41:17 [restartedMain] INFO  o.s.b.d.e.DevToolsPropertyDefaultsPostProcessor - For additional web related logging consider setting the 'logging.level.web' property to 'DEBUG'
2026-07-24 08:41:17 [restartedMain] INFO  o.s.d.r.c.RepositoryConfigurationDelegate - Bootstrapping Spring Data JPA repositories in DEFAULT mode.
2026-07-24 08:41:17 [restartedMain] INFO  o.s.d.r.c.RepositoryConfigurationDelegate - Finished Spring Data repository scanning in 42 ms. Found 6 JPA repository interfaces.
2026-07-24 08:41:18 [restartedMain] INFO  o.s.b.w.e.tomcat.TomcatWebServer - Tomcat initialized with port 8080 (http)
2026-07-24 08:41:18 [restartedMain] INFO  o.a.coyote.http11.Http11NioProtocol - Initializing ProtocolHandler ["http-nio-8080"]
2026-07-24 08:41:18 [restartedMain] INFO  o.a.catalina.core.StandardService - Starting service [Tomcat]
2026-07-24 08:41:18 [restartedMain] INFO  o.a.catalina.core.StandardEngine - Starting Servlet engine: [Apache Tomcat/10.1.55]
2026-07-24 08:41:18 [restartedMain] INFO  o.a.c.c.C.[.[localhost].[/api] - Initializing Spring embedded WebApplicationContext
2026-07-24 08:41:18 [restartedMain] INFO  o.s.b.w.s.c.ServletWebServerApplicationContext - Root WebApplicationContext: initialization completed in 1009 ms
2026-07-24 08:41:18 [restartedMain] DEBUG c.e.a.s.JwtAuthenticationFilter - Filter 'jwtAuthenticationFilter' configured for use
2026-07-24 08:41:18 [restartedMain] INFO  o.h.jpa.internal.util.LogHelper - HHH000204: Processing PersistenceUnitInfo [name: default]
2026-07-24 08:41:18 [restartedMain] INFO  org.hibernate.Version - HHH000412: Hibernate ORM core version 6.6.53.Final
2026-07-24 08:41:18 [restartedMain] INFO  o.h.c.i.RegionFactoryInitiator - HHH000026: Second-level cache disabled
2026-07-24 08:41:18 [restartedMain] INFO  o.s.o.j.p.SpringPersistenceUnitInfo - No LoadTimeWeaver setup: ignoring JPA class transformer
2026-07-24 08:41:18 [restartedMain] INFO  com.zaxxer.hikari.HikariDataSource - HikariPool-1 - Starting...
2026-07-24 08:41:18 [restartedMain] INFO  com.zaxxer.hikari.pool.HikariPool - HikariPool-1 - Added connection conn0: url=jdbc:h2:mem:ecommercedb user=SA
2026-07-24 08:41:18 [restartedMain] INFO  com.zaxxer.hikari.HikariDataSource - HikariPool-1 - Start completed.
2026-07-24 08:41:18 [restartedMain] WARN  org.hibernate.orm.deprecation - HHH90000025: H2Dialect does not need to be specified explicitly using 'hibernate.dialect' (remove the property setting and it will be selected by default)
2026-07-24 08:41:18 [restartedMain] INFO  o.hibernate.orm.connections.pooling - HHH10001005: Database info:
	Database JDBC URL [Connecting through datasource 'HikariDataSource (HikariPool-1)']
	Database driver: undefined/unknown
	Database version: 2.3.232
	Autocommit mode: undefined/unknown
	Isolation level: undefined/unknown
	Minimum pool size: undefined/unknown
	Maximum pool size: undefined/unknown
2026-07-24 08:41:19 [restartedMain] INFO  o.h.e.t.j.p.i.JtaPlatformInitiator - HHH000489: No JTA platform available (set 'hibernate.transaction.jta.platform' to enable JTA platform integration)
2026-07-24 08:41:19 [restartedMain] DEBUG org.hibernate.SQL - 
    drop table if exists categorias cascade 
2026-07-24 08:41:19 [restartedMain] DEBUG org.hibernate.SQL - 
    drop table if exists clientes cascade 
2026-07-24 08:41:19 [restartedMain] DEBUG org.hibernate.SQL - 
    drop table if exists itens_pedido cascade 
2026-07-24 08:41:19 [restartedMain] DEBUG org.hibernate.SQL - 
    drop table if exists pagamentos cascade 
2026-07-24 08:41:19 [restartedMain] DEBUG org.hibernate.SQL - 
    drop table if exists pedidos cascade 
2026-07-24 08:41:19 [restartedMain] DEBUG org.hibernate.SQL - 
    drop table if exists produtos cascade 
2026-07-24 08:41:19 [restartedMain] DEBUG org.hibernate.SQL - 
    drop table if exists usuarios cascade 
2026-07-24 08:41:19 [restartedMain] DEBUG org.hibernate.SQL - 
    create table categorias (
        ativo boolean not null,
        id bigint generated by default as identity,
        nome varchar(100) not null,
        descricao TEXT,
        primary key (id)
    )
2026-07-24 08:41:19 [restartedMain] DEBUG org.hibernate.SQL - 
    create table clientes (
        ativo boolean not null,
        data_atualizacao timestamp(6),
        data_criacao timestamp(6) not null,
        id bigint generated by default as identity,
        cpf varchar(11) not null unique,
        telefone varchar(20),
        email varchar(255) not null unique,
        endereco TEXT,
        nome varchar(255) not null,
        primary key (id)
    )
2026-07-24 08:41:19 [restartedMain] DEBUG org.hibernate.SQL - 
    create table itens_pedido (
        preco_unitario numeric(10,2) not null,
        quantidade integer not null,
        id bigint generated by default as identity,
        pedido_id bigint not null,
        produto_id bigint not null,
        primary key (id)
    )
2026-07-24 08:41:19 [restartedMain] DEBUG org.hibernate.SQL - 
    create table pagamentos (
        valor float(53) not null,
        data_criacao timestamp(6) not null,
        id bigint generated by default as identity,
        pedido_id bigint not null,
        metodo varchar(50) not null,
        status enum ('APROVADO','PENDENTE','RECUSADO','REEMBOLSADO') not null,
        primary key (id)
    )
2026-07-24 08:41:19 [restartedMain] DEBUG org.hibernate.SQL - 
    create table pedidos (
        total float(53) not null,
        cliente_id bigint not null,
        data_atualizacao timestamp(6),
        data_criacao timestamp(6) not null,
        id bigint generated by default as identity,
        status enum ('CANCELADO','CONFIRMADO','ENTREGUE','ENVIADO','PENDENTE') not null,
        primary key (id)
    )
2026-07-24 08:41:19 [restartedMain] DEBUG org.hibernate.SQL - 
    create table produtos (
        ativo boolean not null,
        estoque integer not null,
        preco numeric(38,2) not null,
        categoria_id bigint not null,
        id bigint generated by default as identity,
        descricao TEXT,
        nome varchar(255) not null,
        primary key (id)
    )
2026-07-24 08:41:19 [restartedMain] DEBUG org.hibernate.SQL - 
    create table usuarios (
        ativo boolean not null,
        cliente_id bigint unique,
        id bigint generated by default as identity,
        email varchar(255) not null unique,
        nome varchar(255) not null,
        senha varchar(255) not null,
        papel enum ('ADMIN','USER') not null,
        primary key (id)
    )
2026-07-24 08:41:19 [restartedMain] DEBUG org.hibernate.SQL - 
    alter table if exists itens_pedido 
       add constraint FK42mycompce3b7yt3l6ukdwsxy 
       foreign key (pedido_id) 
       references pedidos
2026-07-24 08:41:19 [restartedMain] DEBUG org.hibernate.SQL - 
    alter table if exists itens_pedido 
       add constraint FKxytdlekpdaobqphujy9bmuhl 
       foreign key (produto_id) 
       references produtos
2026-07-24 08:41:19 [restartedMain] DEBUG org.hibernate.SQL - 
    alter table if exists pagamentos 
       add constraint FKb0dh6865y8h4irwdrl4ici3kl 
       foreign key (pedido_id) 
       references pedidos
2026-07-24 08:41:19 [restartedMain] DEBUG org.hibernate.SQL - 
    alter table if exists pedidos 
       add constraint FKg7202lk0hwxn04bmdl2thth5b 
       foreign key (cliente_id) 
       references clientes
2026-07-24 08:41:19 [restartedMain] DEBUG org.hibernate.SQL - 
    alter table if exists produtos 
       add constraint FK8rqw0ljwdaom34jr2t46bjtrn 
       foreign key (categoria_id) 
       references categorias
2026-07-24 08:41:19 [restartedMain] DEBUG org.hibernate.SQL - 
    alter table if exists usuarios 
       add constraint FKdx76w4skuwj8wldmr7ebfyegq 
       foreign key (cliente_id) 
       references clientes
2026-07-24 08:41:19 [restartedMain] INFO  o.s.o.j.LocalContainerEntityManagerFactoryBean - Initialized JPA EntityManagerFactory for persistence unit 'default'
2026-07-24 08:41:19 [restartedMain] DEBUG o.s.w.s.m.m.a.RequestMappingHandlerMapping - 53 mappings in 'requestMappingHandlerMapping'
2026-07-24 08:41:19 [restartedMain] DEBUG o.s.w.s.h.SimpleUrlHandlerMapping - Patterns [/h2-console] in 'viewControllerHandlerMapping'
2026-07-24 08:41:19 [restartedMain] DEBUG o.s.w.s.h.SimpleUrlHandlerMapping - Patterns [/webjars/**, /**, /swagger-ui/**, /swagger-ui/*swagger-initializer.js, /webjars/*swagger-ui/**, /webjars/*swagger-ui/*swagger-initializer.js, /webjars/*swagger-ui/5.32.2/*swagger-initializer.js] in 'resourceHandlerMapping'
2026-07-24 08:41:19 [restartedMain] DEBUG o.s.s.c.a.a.c.AuthenticationConfiguration$DefaultPasswordEncoderAuthenticationManagerBuilder - No authenticationProviders and no parentAuthenticationManager defined. Returning null.
2026-07-24 08:41:19 [restartedMain] DEBUG o.s.s.web.DefaultSecurityFilterChain - Will secure any request with filters: DisableEncodeUrlFilter, WebAsyncManagerIntegrationFilter, SecurityContextHolderFilter, HeaderWriterFilter, LogoutFilter, JwtAuthenticationFilter, RequestCacheAwareFilter, SecurityContextHolderAwareRequestFilter, AnonymousAuthenticationFilter, SessionManagementFilter, ExceptionTranslationFilter, AuthorizationFilter
2026-07-24 08:41:20 [restartedMain] DEBUG o.s.w.s.m.m.a.RequestMappingHandlerAdapter - ControllerAdvice beans: 0 @ModelAttribute, 0 @InitBinder, 1 RequestBodyAdvice, 1 ResponseBodyAdvice
2026-07-24 08:41:20 [restartedMain] DEBUG o.s.w.s.m.m.a.ExceptionHandlerExceptionResolver - ControllerAdvice beans: 2 @ExceptionHandler, 1 ResponseBodyAdvice
2026-07-24 08:41:20 [restartedMain] INFO  o.s.b.a.h.H2ConsoleAutoConfiguration - H2 console available at '/h2-console'. Database available at 'jdbc:h2:mem:ecommercedb'
2026-07-24 08:41:20 [restartedMain] INFO  o.s.b.d.a.OptionalLiveReloadServer - LiveReload server is running on port 35729
2026-07-24 08:41:20 [restartedMain] INFO  o.a.coyote.http11.Http11NioProtocol - Starting ProtocolHandler ["http-nio-8080"]
2026-07-24 08:41:20 [restartedMain] INFO  o.s.b.w.e.tomcat.TomcatWebServer - Tomcat started on port 8080 (http) with context path '/api'
2026-07-24 08:41:20 [restartedMain] INFO  com.ecommerce.Application - Started Application in 3.484 seconds (process running for 3.769)
2026-07-24 08:41:20 [restartedMain] DEBUG org.hibernate.SQL - 
    /* <criteria> */ select
        u1_0.id 
    from
        usuarios u1_0 
    where
        u1_0.email=? 
    fetch
        first ? rows only
2026-07-24 08:41:20 [restartedMain] DEBUG org.hibernate.SQL - 
    /* insert for
        com.ecommerce.api.model.Usuario */insert 
    into
        usuarios (ativo, cliente_id, email, nome, papel, senha, id) 
    values
        (?, ?, ?, ?, ?, ?, default)
2026-07-24 08:41:20 [restartedMain] INFO  c.e.api.config.DataInitializer - Login admin padrão criado: admin@email.com / senha: admin123
2026-07-24 08:41:20 [restartedMain] WARN  o.s.c.events.SpringDocAppInitializer - SpringDoc /v3/api-docs endpoint is enabled by default. To disable it in production, set the property 'springdoc.api-docs.enabled=false'
2026-07-24 08:41:32 [http-nio-8080-exec-1] INFO  o.a.c.c.C.[.[localhost].[/api] - Initializing Spring DispatcherServlet 'dispatcherServlet'
2026-07-24 08:41:32 [http-nio-8080-exec-1] INFO  o.s.web.servlet.DispatcherServlet - Initializing Servlet 'dispatcherServlet'
2026-07-24 08:41:32 [http-nio-8080-exec-1] DEBUG o.s.web.servlet.DispatcherServlet - Detected StandardServletMultipartResolver
2026-07-24 08:41:32 [http-nio-8080-exec-1] DEBUG o.s.web.servlet.DispatcherServlet - Detected AcceptHeaderLocaleResolver
2026-07-24 08:41:32 [http-nio-8080-exec-1] DEBUG o.s.web.servlet.DispatcherServlet - Detected FixedThemeResolver
2026-07-24 08:41:32 [http-nio-8080-exec-1] DEBUG o.s.web.servlet.DispatcherServlet - Detected org.springframework.web.servlet.view.DefaultRequestToViewNameTranslator@26bc7a70
2026-07-24 08:41:32 [http-nio-8080-exec-1] DEBUG o.s.web.servlet.DispatcherServlet - Detected org.springframework.web.servlet.support.SessionFlashMapManager@26b7cfe1
2026-07-24 08:41:32 [http-nio-8080-exec-1] DEBUG o.s.web.servlet.DispatcherServlet - enableLoggingRequestDetails='false': request parameters and headers will be masked to prevent unsafe logging of potentially sensitive data
2026-07-24 08:41:32 [http-nio-8080-exec-1] INFO  o.s.web.servlet.DispatcherServlet - Completed initialization in 1 ms
2026-07-24 08:41:32 [http-nio-8080-exec-1] DEBUG o.s.security.web.FilterChainProxy - Securing POST /auth/login
2026-07-24 08:41:32 [http-nio-8080-exec-1] DEBUG o.s.s.w.a.AnonymousAuthenticationFilter - Set SecurityContextHolder to anonymous SecurityContext
2026-07-24 08:41:32 [http-nio-8080-exec-1] DEBUG o.s.security.web.FilterChainProxy - Secured POST /auth/login
2026-07-24 08:41:32 [http-nio-8080-exec-1] DEBUG o.s.web.servlet.DispatcherServlet - POST "/api/auth/login", parameters={}
2026-07-24 08:41:32 [http-nio-8080-exec-1] DEBUG o.s.w.s.m.m.a.RequestMappingHandlerMapping - Mapped to com.ecommerce.api.controller.AuthController#login(LoginRequest)
2026-07-24 08:41:32 [http-nio-8080-exec-1] DEBUG o.s.w.s.m.m.a.RequestResponseBodyMethodProcessor - Read "application/json;charset=UTF-8" to [LoginRequest(email=admin@emial.com, senha=admin123)]
2026-07-24 08:41:32 [http-nio-8080-exec-1] INFO  c.e.api.controller.AuthController - Login realizado para: admin@emial.com
2026-07-24 08:41:32 [http-nio-8080-exec-1] DEBUG org.hibernate.SQL - 
    /* <criteria> */ select
        u1_0.id,
        u1_0.ativo,
        u1_0.cliente_id,
        u1_0.email,
        u1_0.nome,
        u1_0.papel,
        u1_0.senha 
    from
        usuarios u1_0 
    where
        u1_0.email=?
2026-07-24 08:41:32 [http-nio-8080-exec-1] WARN  c.e.api.service.UsuarioService - Tentativa de login com email não encontrado: admin@emial.com
2026-07-24 08:41:32 [http-nio-8080-exec-1] DEBUG o.s.w.s.m.m.a.ExceptionHandlerExceptionResolver - Using @ExceptionHandler com.ecommerce.api.exception.GlobalExceptionHandler#handleRecursoNaoEncontrado(RecursoNaoEncontradoException, WebRequest)
2026-07-24 08:41:32 [http-nio-8080-exec-1] ERROR c.e.a.e.GlobalExceptionHandler - Recurso não encontrado: Usuário não encontrado
2026-07-24 08:41:32 [http-nio-8080-exec-1] DEBUG o.s.w.s.m.m.a.HttpEntityMethodProcessor - Using 'application/json', given [*/*] and supported [application/json, application/*+json, application/yaml]
2026-07-24 08:41:32 [http-nio-8080-exec-1] DEBUG o.s.w.s.m.m.a.HttpEntityMethodProcessor - Writing [ErrorResponse(timestamp=2026-07-24T08:41:32.972399300, status=404, erro=Recurso não encontrado, mens (truncated)...]
2026-07-24 08:41:32 [http-nio-8080-exec-1] WARN  o.s.w.s.m.m.a.ExceptionHandlerExceptionResolver - Resolved [com.ecommerce.api.exception.RecursoNaoEncontradoException: Usuário não encontrado]
2026-07-24 08:41:32 [http-nio-8080-exec-1] DEBUG o.s.web.servlet.DispatcherServlet - Completed 404 NOT_FOUND
2026-07-24 08:41:48 [http-nio-8080-exec-2] DEBUG o.s.security.web.FilterChainProxy - Securing POST /auth/login
2026-07-24 08:41:48 [http-nio-8080-exec-2] DEBUG o.s.s.w.a.AnonymousAuthenticationFilter - Set SecurityContextHolder to anonymous SecurityContext
2026-07-24 08:41:48 [http-nio-8080-exec-2] DEBUG o.s.security.web.FilterChainProxy - Secured POST /auth/login
2026-07-24 08:41:48 [http-nio-8080-exec-2] DEBUG o.s.web.servlet.DispatcherServlet - POST "/api/auth/login", parameters={}
2026-07-24 08:41:48 [http-nio-8080-exec-2] DEBUG o.s.w.s.m.m.a.RequestMappingHandlerMapping - Mapped to com.ecommerce.api.controller.AuthController#login(LoginRequest)
2026-07-24 08:41:48 [http-nio-8080-exec-2] DEBUG o.s.w.s.m.m.a.RequestResponseBodyMethodProcessor - Read "application/json;charset=UTF-8" to [LoginRequest(email=admin@emial.com, senha=admin123)]
2026-07-24 08:41:48 [http-nio-8080-exec-2] INFO  c.e.api.controller.AuthController - Login realizado para: admin@emial.com
2026-07-24 08:41:48 [http-nio-8080-exec-2] DEBUG org.hibernate.SQL - 
    /* <criteria> */ select
        u1_0.id,
        u1_0.ativo,
        u1_0.cliente_id,
        u1_0.email,
        u1_0.nome,
        u1_0.papel,
        u1_0.senha 
    from
        usuarios u1_0 
    where
        u1_0.email=?
2026-07-24 08:41:48 [http-nio-8080-exec-2] WARN  c.e.api.service.UsuarioService - Tentativa de login com email não encontrado: admin@emial.com
2026-07-24 08:41:48 [http-nio-8080-exec-2] DEBUG o.s.w.s.m.m.a.ExceptionHandlerExceptionResolver - Using @ExceptionHandler com.ecommerce.api.exception.GlobalExceptionHandler#handleRecursoNaoEncontrado(RecursoNaoEncontradoException, WebRequest)
2026-07-24 08:41:48 [http-nio-8080-exec-2] ERROR c.e.a.e.GlobalExceptionHandler - Recurso não encontrado: Usuário não encontrado
2026-07-24 08:41:48 [http-nio-8080-exec-2] DEBUG o.s.w.s.m.m.a.HttpEntityMethodProcessor - Using 'application/json', given [*/*] and supported [application/json, application/*+json, application/yaml]
2026-07-24 08:41:48 [http-nio-8080-exec-2] DEBUG o.s.w.s.m.m.a.HttpEntityMethodProcessor - Writing [ErrorResponse(timestamp=2026-07-24T08:41:48.174444700, status=404, erro=Recurso não encontrado, mens (truncated)...]
2026-07-24 08:41:48 [http-nio-8080-exec-2] WARN  o.s.w.s.m.m.a.ExceptionHandlerExceptionResolver - Resolved [com.ecommerce.api.exception.RecursoNaoEncontradoException: Usuário não encontrado]
2026-07-24 08:41:48 [http-nio-8080-exec-2] DEBUG o.s.web.servlet.DispatcherServlet - Completed 404 NOT_FOUND
2026-07-24 08:42:18 [http-nio-8080-exec-4] DEBUG o.s.security.web.FilterChainProxy - Securing POST /auth/login
2026-07-24 08:42:18 [http-nio-8080-exec-4] DEBUG o.s.s.w.a.AnonymousAuthenticationFilter - Set SecurityContextHolder to anonymous SecurityContext
2026-07-24 08:42:18 [http-nio-8080-exec-4] DEBUG o.s.security.web.FilterChainProxy - Secured POST /auth/login
2026-07-24 08:42:18 [http-nio-8080-exec-4] DEBUG o.s.web.servlet.DispatcherServlet - POST "/api/auth/login", parameters={}
2026-07-24 08:42:18 [http-nio-8080-exec-4] DEBUG o.s.w.s.m.m.a.RequestMappingHandlerMapping - Mapped to com.ecommerce.api.controller.AuthController#login(LoginRequest)
2026-07-24 08:42:18 [http-nio-8080-exec-4] DEBUG o.s.w.s.m.m.a.RequestResponseBodyMethodProcessor - Read "application/json;charset=UTF-8" to [LoginRequest(email=admin@email.com, senha=admin123)]
2026-07-24 08:42:18 [http-nio-8080-exec-4] INFO  c.e.api.controller.AuthController - Login realizado para: admin@email.com
2026-07-24 08:42:18 [http-nio-8080-exec-4] DEBUG org.hibernate.SQL - 
    /* <criteria> */ select
        u1_0.id,
        u1_0.ativo,
        u1_0.cliente_id,
        u1_0.email,
        u1_0.nome,
        u1_0.papel,
        u1_0.senha 
    from
        usuarios u1_0 
    where
        u1_0.email=?
2026-07-24 08:42:18 [http-nio-8080-exec-4] DEBUG c.ecommerce.api.security.JwtProvider - Gerando token JWT para usuário: admin@email.com
2026-07-24 08:42:18 [http-nio-8080-exec-4] INFO  c.e.api.service.UsuarioService - Login realizado com sucesso: admin@email.com
2026-07-24 08:42:18 [http-nio-8080-exec-4] DEBUG o.s.w.s.m.m.a.HttpEntityMethodProcessor - Using 'application/json', given [*/*] and supported [application/json, application/*+json, application/yaml]
2026-07-24 08:42:18 [http-nio-8080-exec-4] DEBUG o.s.w.s.m.m.a.HttpEntityMethodProcessor - Writing [LoginResponse(token=eyJhbGciOiJIUzUxMiJ9.eyJzdWIiOiJhZG1pbkBlbWFpbC5jb20iLCJ1c2VySWQiOjEsInBhcGVsIjo (truncated)...]
2026-07-24 08:42:18 [http-nio-8080-exec-4] DEBUG o.s.web.servlet.DispatcherServlet - Completed 200 OK
2026-07-24 08:42:18 [http-nio-8080-exec-5] DEBUG o.s.security.web.FilterChainProxy - Securing GET /categorias/todas
2026-07-24 08:42:18 [http-nio-8080-exec-5] DEBUG c.ecommerce.api.security.JwtProvider - Token JWT válido
2026-07-24 08:42:18 [http-nio-8080-exec-5] DEBUG o.s.security.web.FilterChainProxy - Secured GET /categorias/todas
2026-07-24 08:42:18 [http-nio-8080-exec-5] DEBUG o.s.web.servlet.DispatcherServlet - GET "/api/categorias/todas", parameters={}
2026-07-24 08:42:18 [http-nio-8080-exec-5] DEBUG o.s.w.s.m.m.a.RequestMappingHandlerMapping - Mapped to com.ecommerce.api.controller.CategoriaController#listarTodas()
2026-07-24 08:42:18 [http-nio-8080-exec-5] DEBUG org.hibernate.SQL - 
    /* <criteria> */ select
        c1_0.id,
        c1_0.ativo,
        c1_0.descricao,
        c1_0.nome 
    from
        categorias c1_0
2026-07-24 08:42:18 [http-nio-8080-exec-5] DEBUG o.s.w.s.m.m.a.HttpEntityMethodProcessor - Using 'application/json', given [*/*] and supported [application/json, application/*+json, application/yaml]
2026-07-24 08:42:18 [http-nio-8080-exec-5] DEBUG o.s.w.s.m.m.a.HttpEntityMethodProcessor - Writing [[]]
2026-07-24 08:42:18 [http-nio-8080-exec-5] DEBUG o.s.web.servlet.DispatcherServlet - Completed 200 OK
2026-07-24 08:42:18 [http-nio-8080-exec-6] DEBUG o.s.security.web.FilterChainProxy - Securing GET /produtos/todos
2026-07-24 08:42:18 [http-nio-8080-exec-6] DEBUG c.ecommerce.api.security.JwtProvider - Token JWT válido
2026-07-24 08:42:18 [http-nio-8080-exec-6] DEBUG o.s.security.web.FilterChainProxy - Secured GET /produtos/todos
2026-07-24 08:42:18 [http-nio-8080-exec-6] DEBUG o.s.web.servlet.DispatcherServlet - GET "/api/produtos/todos", parameters={}
2026-07-24 08:42:18 [http-nio-8080-exec-6] DEBUG o.s.w.s.m.m.a.RequestMappingHandlerMapping - Mapped to com.ecommerce.api.controller.ProdutoController#listarTodos()
2026-07-24 08:42:18 [http-nio-8080-exec-6] INFO  c.e.api.controller.ProdutoController - GET /api/produtos/todos
2026-07-24 08:42:18 [http-nio-8080-exec-6] INFO  c.e.api.service.ProdutoService - Listando todos os produtos
2026-07-24 08:42:18 [http-nio-8080-exec-6] DEBUG org.hibernate.SQL - 
    /* <criteria> */ select
        p1_0.id,
        p1_0.ativo,
        p1_0.categoria_id,
        p1_0.descricao,
        p1_0.estoque,
        p1_0.nome,
        p1_0.preco 
    from
        produtos p1_0
2026-07-24 08:42:18 [http-nio-8080-exec-6] DEBUG o.s.w.s.m.m.a.HttpEntityMethodProcessor - Using 'application/json', given [*/*] and supported [application/json, application/*+json, application/yaml]
2026-07-24 08:42:18 [http-nio-8080-exec-6] DEBUG o.s.w.s.m.m.a.HttpEntityMethodProcessor - Writing [[]]
2026-07-24 08:42:18 [http-nio-8080-exec-6] DEBUG o.s.web.servlet.DispatcherServlet - Completed 200 OK
2026-07-24 08:42:18 [http-nio-8080-exec-7] DEBUG o.s.security.web.FilterChainProxy - Securing GET /clientes/todos
2026-07-24 08:42:18 [http-nio-8080-exec-7] DEBUG c.ecommerce.api.security.JwtProvider - Token JWT válido
2026-07-24 08:42:18 [http-nio-8080-exec-7] DEBUG o.s.security.web.FilterChainProxy - Secured GET /clientes/todos
2026-07-24 08:42:18 [http-nio-8080-exec-7] DEBUG o.s.web.servlet.DispatcherServlet - GET "/api/clientes/todos", parameters={}
2026-07-24 08:42:18 [http-nio-8080-exec-7] DEBUG o.s.w.s.m.m.a.RequestMappingHandlerMapping - Mapped to com.ecommerce.api.controller.ClienteController#listarTodos()
2026-07-24 08:42:18 [http-nio-8080-exec-7] DEBUG o.s.s.a.m.AuthorizationManagerBeforeMethodInterceptor - Authorizing method invocation ReflectiveMethodInvocation: public org.springframework.http.ResponseEntity com.ecommerce.api.controller.ClienteController.listarTodos(); target is of class [com.ecommerce.api.controller.ClienteController]
2026-07-24 08:42:18 [http-nio-8080-exec-7] DEBUG o.s.s.a.m.AuthorizationManagerBeforeMethodInterceptor - Authorized method invocation ReflectiveMethodInvocation: public org.springframework.http.ResponseEntity com.ecommerce.api.controller.ClienteController.listarTodos(); target is of class [com.ecommerce.api.controller.ClienteController]
2026-07-24 08:42:18 [http-nio-8080-exec-7] DEBUG org.hibernate.SQL - 
    /* <criteria> */ select
        c1_0.id,
        c1_0.ativo,
        c1_0.cpf,
        c1_0.data_atualizacao,
        c1_0.data_criacao,
        c1_0.email,
        c1_0.endereco,
        c1_0.nome,
        c1_0.telefone 
    from
        clientes c1_0
2026-07-24 08:42:18 [http-nio-8080-exec-7] DEBUG o.s.w.s.m.m.a.HttpEntityMethodProcessor - Using 'application/json', given [*/*] and supported [application/json, application/*+json, application/yaml]
2026-07-24 08:42:18 [http-nio-8080-exec-7] DEBUG o.s.w.s.m.m.a.HttpEntityMethodProcessor - Writing [[]]
2026-07-24 08:42:18 [http-nio-8080-exec-7] DEBUG o.s.web.servlet.DispatcherServlet - Completed 200 OK
2026-07-24 08:42:18 [http-nio-8080-exec-8] DEBUG o.s.security.web.FilterChainProxy - Securing GET /pedidos/todos
2026-07-24 08:42:18 [http-nio-8080-exec-8] DEBUG c.ecommerce.api.security.JwtProvider - Token JWT válido
2026-07-24 08:42:18 [http-nio-8080-exec-8] DEBUG o.s.security.web.FilterChainProxy - Secured GET /pedidos/todos
2026-07-24 08:42:18 [http-nio-8080-exec-8] DEBUG o.s.web.servlet.DispatcherServlet - GET "/api/pedidos/todos", parameters={}
2026-07-24 08:42:18 [http-nio-8080-exec-8] DEBUG o.s.w.s.m.m.a.RequestMappingHandlerMapping - Mapped to com.ecommerce.api.controller.PedidoController#listarTodos()
2026-07-24 08:42:18 [http-nio-8080-exec-8] DEBUG o.s.s.a.m.AuthorizationManagerBeforeMethodInterceptor - Authorizing method invocation ReflectiveMethodInvocation: public org.springframework.http.ResponseEntity com.ecommerce.api.controller.PedidoController.listarTodos(); target is of class [com.ecommerce.api.controller.PedidoController]
2026-07-24 08:42:18 [http-nio-8080-exec-8] DEBUG o.s.s.a.m.AuthorizationManagerBeforeMethodInterceptor - Authorized method invocation ReflectiveMethodInvocation: public org.springframework.http.ResponseEntity com.ecommerce.api.controller.PedidoController.listarTodos(); target is of class [com.ecommerce.api.controller.PedidoController]
2026-07-24 08:42:18 [http-nio-8080-exec-8] DEBUG org.hibernate.SQL - 
    /* <criteria> */ select
        p1_0.id,
        p1_0.cliente_id,
        p1_0.data_atualizacao,
        p1_0.data_criacao,
        p1_0.status,
        p1_0.total 
    from
        pedidos p1_0
2026-07-24 08:42:18 [http-nio-8080-exec-8] DEBUG o.s.w.s.m.m.a.HttpEntityMethodProcessor - Using 'application/json', given [*/*] and supported [application/json, application/*+json, application/yaml]
2026-07-24 08:42:18 [http-nio-8080-exec-8] DEBUG o.s.w.s.m.m.a.HttpEntityMethodProcessor - Writing [[]]
2026-07-24 08:42:18 [http-nio-8080-exec-8] DEBUG o.s.web.servlet.DispatcherServlet - Completed 200 OK
2026-07-24 08:42:18 [http-nio-8080-exec-9] DEBUG o.s.security.web.FilterChainProxy - Securing GET /pagamentos/todos
2026-07-24 08:42:18 [http-nio-8080-exec-9] DEBUG c.ecommerce.api.security.JwtProvider - Token JWT válido
2026-07-24 08:42:18 [http-nio-8080-exec-9] DEBUG o.s.security.web.FilterChainProxy - Secured GET /pagamentos/todos
2026-07-24 08:42:18 [http-nio-8080-exec-9] DEBUG o.s.web.servlet.DispatcherServlet - GET "/api/pagamentos/todos", parameters={}
2026-07-24 08:42:18 [http-nio-8080-exec-9] DEBUG o.s.w.s.m.m.a.RequestMappingHandlerMapping - Mapped to com.ecommerce.api.controller.PagamentoController#listarTodos()
2026-07-24 08:42:18 [http-nio-8080-exec-9] DEBUG o.s.s.a.m.AuthorizationManagerBeforeMethodInterceptor - Authorizing method invocation ReflectiveMethodInvocation: public org.springframework.http.ResponseEntity com.ecommerce.api.controller.PagamentoController.listarTodos(); target is of class [com.ecommerce.api.controller.PagamentoController]
2026-07-24 08:42:18 [http-nio-8080-exec-9] DEBUG o.s.s.a.m.AuthorizationManagerBeforeMethodInterceptor - Authorized method invocation ReflectiveMethodInvocation: public org.springframework.http.ResponseEntity com.ecommerce.api.controller.PagamentoController.listarTodos(); target is of class [com.ecommerce.api.controller.PagamentoController]
2026-07-24 08:42:18 [http-nio-8080-exec-9] DEBUG org.hibernate.SQL - 
    /* <criteria> */ select
        p1_0.id,
        p1_0.data_criacao,
        p1_0.metodo,
        p1_0.pedido_id,
        p1_0.status,
        p1_0.valor 
    from
        pagamentos p1_0
2026-07-24 08:42:18 [http-nio-8080-exec-9] DEBUG o.s.w.s.m.m.a.HttpEntityMethodProcessor - Using 'application/json', given [*/*] and supported [application/json, application/*+json, application/yaml]
2026-07-24 08:42:18 [http-nio-8080-exec-9] DEBUG o.s.w.s.m.m.a.HttpEntityMethodProcessor - Writing [[]]
2026-07-24 08:42:18 [http-nio-8080-exec-9] DEBUG o.s.web.servlet.DispatcherServlet - Completed 200 OK
2026-07-24 08:42:40 [SpringApplicationShutdownHook] INFO  o.s.b.w.e.tomcat.GracefulShutdown - Commencing graceful shutdown. Waiting for active requests to complete
2026-07-24 08:42:40 [tomcat-shutdown] INFO  o.s.b.w.e.tomcat.GracefulShutdown - Graceful shutdown complete
2026-07-24 08:42:40 [SpringApplicationShutdownHook] INFO  o.s.o.j.LocalContainerEntityManagerFactoryBean - Closing JPA EntityManagerFactory for persistence unit 'default'
2026-07-24 08:42:40 [SpringApplicationShutdownHook] DEBUG org.hibernate.SQL - 
    drop table if exists categorias cascade 
2026-07-24 08:42:40 [SpringApplicationShutdownHook] DEBUG org.hibernate.SQL - 
    drop table if exists clientes cascade 
2026-07-24 08:42:40 [SpringApplicationShutdownHook] DEBUG org.hibernate.SQL - 
    drop table if exists itens_pedido cascade 
2026-07-24 08:42:40 [SpringApplicationShutdownHook] DEBUG org.hibernate.SQL - 
    drop table if exists pagamentos cascade 
2026-07-24 08:42:40 [SpringApplicationShutdownHook] DEBUG org.hibernate.SQL - 
    drop table if exists pedidos cascade 
2026-07-24 08:42:40 [SpringApplicationShutdownHook] DEBUG org.hibernate.SQL - 
    drop table if exists produtos cascade 
2026-07-24 08:42:40 [SpringApplicationShutdownHook] DEBUG org.hibernate.SQL - 
    drop table if exists usuarios cascade 
2026-07-24 08:42:40 [SpringApplicationShutdownHook] WARN  o.s.b.f.s.DisposableBeanAdapter - Invocation of destroy method failed on bean with name 'inMemoryDatabaseShutdownExecutor': org.h2.jdbc.JdbcSQLNonTransientConnectionException: Database is already closed (to disable automatic closing at VM shutdown, add ";DB_CLOSE_ON_EXIT=FALSE" to the db URL) [90121-232]
2026-07-24 08:42:40 [SpringApplicationShutdownHook] INFO  com.zaxxer.hikari.HikariDataSource - HikariPool-1 - Shutdown initiated...
2026-07-24 08:42:40 [SpringApplicationShutdownHook] INFO  com.zaxxer.hikari.HikariDataSource - HikariPool-1 - Shutdown completed.
