2026-07-21 08:18:42 [background-preinit] INFO  o.h.validator.internal.util.Version - HV000001: Hibernate Validator 8.0.3.Final
2026-07-21 08:18:42 [Thread-0] INFO  o.s.boot.SpringApplication - Starting application using Java 17.0.19 with PID 14324 (started by PabloBezerradaSilva in C:\Users\PabloBezerradaSilva\Documents\Java\fourcamp26-pablosilva\ecommerce-api)
2026-07-21 08:18:42 [Thread-0] INFO  o.s.boot.SpringApplication - No active profile set, falling back to 1 default profile: "default"
2026-07-21 08:18:42 [Thread-0] INFO  o.s.b.d.e.DevToolsPropertyDefaultsPostProcessor - For additional web related logging consider setting the 'logging.level.web' property to 'DEBUG'
2026-07-21 08:18:45 [Thread-0] INFO  o.s.d.r.c.RepositoryConfigurationDelegate - Bootstrapping Spring Data JPA repositories in DEFAULT mode.
2026-07-21 08:18:45 [Thread-0] INFO  o.s.d.r.c.RepositoryConfigurationDelegate - Finished Spring Data repository scanning in 145 ms. Found 6 JPA repository interfaces.
2026-07-21 08:18:46 [Thread-0] INFO  o.s.b.w.e.tomcat.TomcatWebServer - Tomcat initialized with port 8080 (http)
2026-07-21 08:18:46 [Thread-0] INFO  o.a.coyote.http11.Http11NioProtocol - Initializing ProtocolHandler ["http-nio-8080"]
2026-07-21 08:18:46 [Thread-0] INFO  o.a.catalina.core.StandardService - Starting service [Tomcat]
2026-07-21 08:18:46 [Thread-0] INFO  o.a.catalina.core.StandardEngine - Starting Servlet engine: [Apache Tomcat/10.1.55]
2026-07-21 08:18:47 [Thread-0] INFO  o.a.c.c.C.[.[localhost].[/api] - Initializing Spring embedded WebApplicationContext
2026-07-21 08:18:47 [Thread-0] INFO  o.s.b.w.s.c.ServletWebServerApplicationContext - Root WebApplicationContext: initialization completed in 4800 ms
2026-07-21 08:18:47 [Thread-0] DEBUG c.e.a.s.JwtAuthenticationFilter - Filter 'jwtAuthenticationFilter' configured for use
2026-07-21 08:18:47 [Thread-0] INFO  o.h.jpa.internal.util.LogHelper - HHH000204: Processing PersistenceUnitInfo [name: default]
2026-07-21 08:18:47 [Thread-0] INFO  org.hibernate.Version - HHH000412: Hibernate ORM core version 6.6.53.Final
2026-07-21 08:18:47 [Thread-0] INFO  o.h.c.i.RegionFactoryInitiator - HHH000026: Second-level cache disabled
2026-07-21 08:18:48 [Thread-0] INFO  o.s.o.j.p.SpringPersistenceUnitInfo - No LoadTimeWeaver setup: ignoring JPA class transformer
2026-07-21 08:18:48 [Thread-0] INFO  com.zaxxer.hikari.HikariDataSource - HikariPool-1 - Starting...
2026-07-21 08:18:49 [Thread-0] INFO  com.zaxxer.hikari.pool.HikariPool - HikariPool-1 - Added connection conn0: url=jdbc:h2:mem:ecommercedb user=SA
2026-07-21 08:18:49 [Thread-0] INFO  com.zaxxer.hikari.HikariDataSource - HikariPool-1 - Start completed.
2026-07-21 08:18:49 [Thread-0] WARN  org.hibernate.orm.deprecation - HHH90000025: H2Dialect does not need to be specified explicitly using 'hibernate.dialect' (remove the property setting and it will be selected by default)
2026-07-21 08:18:49 [Thread-0] INFO  o.hibernate.orm.connections.pooling - HHH10001005: Database info:
	Database JDBC URL [Connecting through datasource 'HikariDataSource (HikariPool-1)']
	Database driver: undefined/unknown
	Database version: 2.3.232
	Autocommit mode: undefined/unknown
	Isolation level: undefined/unknown
	Minimum pool size: undefined/unknown
	Maximum pool size: undefined/unknown
2026-07-21 08:18:50 [Thread-0] INFO  o.h.e.t.j.p.i.JtaPlatformInitiator - HHH000489: No JTA platform available (set 'hibernate.transaction.jta.platform' to enable JTA platform integration)
2026-07-21 08:18:50 [Thread-0] DEBUG org.hibernate.SQL - 
    drop table if exists categorias cascade 
2026-07-21 08:18:50 [Thread-0] DEBUG org.hibernate.SQL - 
    drop table if exists clientes cascade 
2026-07-21 08:18:50 [Thread-0] DEBUG org.hibernate.SQL - 
    drop table if exists itens_pedido cascade 
2026-07-21 08:18:50 [Thread-0] DEBUG org.hibernate.SQL - 
    drop table if exists pagamentos cascade 
2026-07-21 08:18:50 [Thread-0] DEBUG org.hibernate.SQL - 
    drop table if exists pedidos cascade 
2026-07-21 08:18:50 [Thread-0] DEBUG org.hibernate.SQL - 
    drop table if exists produtos cascade 
2026-07-21 08:18:50 [Thread-0] DEBUG org.hibernate.SQL - 
    drop table if exists usuarios cascade 
2026-07-21 08:18:50 [Thread-0] DEBUG org.hibernate.SQL - 
    create table categorias (
        ativo boolean not null,
        id bigint generated by default as identity,
        nome varchar(100) not null,
        descricao TEXT,
        primary key (id)
    )
2026-07-21 08:18:50 [Thread-0] DEBUG org.hibernate.SQL - 
    create table clientes (
        ativo boolean not null,
        data_atualizacao timestamp(6),
        data_criacao timestamp(6) not null,
        id bigint generated by default as identity,
        cpf varchar(11) not null unique,
        telefone varchar(20),
        email varchar(255) not null unique,
        endereco TEXT,
        nome varchar(255) not null,
        primary key (id)
    )
2026-07-21 08:18:50 [Thread-0] DEBUG org.hibernate.SQL - 
    create table itens_pedido (
        preco_unitario numeric(10,2) not null,
        quantidade integer not null,
        id bigint generated by default as identity,
        pedido_id bigint not null,
        produto_id bigint not null,
        primary key (id)
    )
2026-07-21 08:18:50 [Thread-0] DEBUG org.hibernate.SQL - 
    create table pagamentos (
        valor float(53) not null,
        data_criacao timestamp(6) not null,
        id bigint generated by default as identity,
        pedido_id bigint not null,
        metodo varchar(50) not null,
        status enum ('APROVADO','PENDENTE','RECUSADO','REEMBOLSADO') not null,
        primary key (id)
    )
2026-07-21 08:18:50 [Thread-0] DEBUG org.hibernate.SQL - 
    create table pedidos (
        total float(53) not null,
        cliente_id bigint not null,
        data_atualizacao timestamp(6),
        data_criacao timestamp(6) not null,
        id bigint generated by default as identity,
        status enum ('CANCELADO','CONFIRMADO','ENTREGUE','ENVIADO','PENDENTE') not null,
        primary key (id)
    )
2026-07-21 08:18:50 [Thread-0] DEBUG org.hibernate.SQL - 
    create table produtos (
        ativo boolean not null,
        estoque integer not null,
        preco numeric(38,2) not null,
        categoria_id bigint not null,
        id bigint generated by default as identity,
        descricao TEXT,
        nome varchar(255) not null,
        primary key (id)
    )
2026-07-21 08:18:50 [Thread-0] DEBUG org.hibernate.SQL - 
    create table usuarios (
        ativo boolean not null,
        id bigint generated by default as identity,
        email varchar(255) not null unique,
        nome varchar(255) not null,
        senha varchar(255) not null,
        papel enum ('ADMIN','USER') not null,
        primary key (id)
    )
2026-07-21 08:18:50 [Thread-0] DEBUG org.hibernate.SQL - 
    alter table if exists itens_pedido 
       add constraint FK42mycompce3b7yt3l6ukdwsxy 
       foreign key (pedido_id) 
       references pedidos
2026-07-21 08:18:50 [Thread-0] DEBUG org.hibernate.SQL - 
    alter table if exists itens_pedido 
       add constraint FKxytdlekpdaobqphujy9bmuhl 
       foreign key (produto_id) 
       references produtos
2026-07-21 08:18:50 [Thread-0] DEBUG org.hibernate.SQL - 
    alter table if exists pagamentos 
       add constraint FKb0dh6865y8h4irwdrl4ici3kl 
       foreign key (pedido_id) 
       references pedidos
2026-07-21 08:18:50 [Thread-0] DEBUG org.hibernate.SQL - 
    alter table if exists pedidos 
       add constraint FKg7202lk0hwxn04bmdl2thth5b 
       foreign key (cliente_id) 
       references clientes
2026-07-21 08:18:50 [Thread-0] DEBUG org.hibernate.SQL - 
    alter table if exists produtos 
       add constraint FK8rqw0ljwdaom34jr2t46bjtrn 
       foreign key (categoria_id) 
       references categorias
2026-07-21 08:18:50 [Thread-0] INFO  o.s.o.j.LocalContainerEntityManagerFactoryBean - Initialized JPA EntityManagerFactory for persistence unit 'default'
2026-07-21 08:18:52 [Thread-0] DEBUG o.s.w.s.m.m.a.RequestMappingHandlerMapping - 45 mappings in 'requestMappingHandlerMapping'
2026-07-21 08:18:52 [Thread-0] DEBUG o.s.w.s.h.SimpleUrlHandlerMapping - Patterns [/h2-console] in 'viewControllerHandlerMapping'
2026-07-21 08:18:52 [Thread-0] DEBUG o.s.w.s.h.SimpleUrlHandlerMapping - Patterns [/webjars/**, /**, /swagger-ui/**, /swagger-ui/*swagger-initializer.js, /webjars/*swagger-ui/**, /webjars/*swagger-ui/*swagger-initializer.js, /webjars/*swagger-ui/5.32.2/*swagger-initializer.js] in 'resourceHandlerMapping'
2026-07-21 08:18:52 [Thread-0] DEBUG o.s.s.c.a.a.c.AuthenticationConfiguration$DefaultPasswordEncoderAuthenticationManagerBuilder - No authenticationProviders and no parentAuthenticationManager defined. Returning null.
2026-07-21 08:18:52 [Thread-0] DEBUG o.s.s.web.DefaultSecurityFilterChain - Will secure any request with filters: DisableEncodeUrlFilter, WebAsyncManagerIntegrationFilter, SecurityContextHolderFilter, HeaderWriterFilter, LogoutFilter, JwtAuthenticationFilter, RequestCacheAwareFilter, SecurityContextHolderAwareRequestFilter, AnonymousAuthenticationFilter, SessionManagementFilter, ExceptionTranslationFilter, AuthorizationFilter
2026-07-21 08:18:52 [Thread-0] DEBUG o.s.w.s.m.m.a.RequestMappingHandlerAdapter - ControllerAdvice beans: 0 @ModelAttribute, 0 @InitBinder, 1 RequestBodyAdvice, 1 ResponseBodyAdvice
2026-07-21 08:18:53 [Thread-0] DEBUG o.s.w.s.m.m.a.ExceptionHandlerExceptionResolver - ControllerAdvice beans: 2 @ExceptionHandler, 1 ResponseBodyAdvice
2026-07-21 08:18:53 [Thread-0] INFO  o.a.coyote.http11.Http11NioProtocol - Starting ProtocolHandler ["http-nio-8080"]
2026-07-21 08:18:53 [Thread-0] INFO  o.s.b.w.e.tomcat.TomcatWebServer - Tomcat started on port 8080 (http) with context path '/api'
2026-07-21 08:18:53 [Thread-0] INFO  o.s.boot.SpringApplication - Started application in 12.414 seconds (process running for 15.089)
2026-07-21 08:18:53 [Thread-0] WARN  o.s.c.events.SpringDocAppInitializer - SpringDoc /v3/api-docs endpoint is enabled by default. To disable it in production, set the property 'springdoc.api-docs.enabled=false'
2026-07-21 08:19:07 [http-nio-8080-exec-1] INFO  o.a.c.c.C.[.[localhost].[/api] - Initializing Spring DispatcherServlet 'dispatcherServlet'
2026-07-21 08:19:07 [http-nio-8080-exec-1] INFO  o.s.web.servlet.DispatcherServlet - Initializing Servlet 'dispatcherServlet'
2026-07-21 08:19:07 [http-nio-8080-exec-1] DEBUG o.s.web.servlet.DispatcherServlet - Detected StandardServletMultipartResolver
2026-07-21 08:19:07 [http-nio-8080-exec-1] DEBUG o.s.web.servlet.DispatcherServlet - Detected AcceptHeaderLocaleResolver
2026-07-21 08:19:07 [http-nio-8080-exec-1] DEBUG o.s.web.servlet.DispatcherServlet - Detected FixedThemeResolver
2026-07-21 08:19:07 [http-nio-8080-exec-1] DEBUG o.s.web.servlet.DispatcherServlet - Detected org.springframework.web.servlet.view.DefaultRequestToViewNameTranslator@10202c8d
2026-07-21 08:19:07 [http-nio-8080-exec-1] DEBUG o.s.web.servlet.DispatcherServlet - Detected org.springframework.web.servlet.support.SessionFlashMapManager@10b261fb
2026-07-21 08:19:07 [http-nio-8080-exec-1] DEBUG o.s.web.servlet.DispatcherServlet - enableLoggingRequestDetails='false': request parameters and headers will be masked to prevent unsafe logging of potentially sensitive data
2026-07-21 08:19:07 [http-nio-8080-exec-1] INFO  o.s.web.servlet.DispatcherServlet - Completed initialization in 9 ms
2026-07-21 08:19:07 [http-nio-8080-exec-1] DEBUG o.s.security.web.FilterChainProxy - Securing GET /swagger-ui.html
2026-07-21 08:19:07 [http-nio-8080-exec-1] DEBUG o.s.s.w.a.AnonymousAuthenticationFilter - Set SecurityContextHolder to anonymous SecurityContext
2026-07-21 08:19:18 [http-nio-8080-exec-2] DEBUG o.s.security.web.FilterChainProxy - Securing GET /swagger-ui.html
2026-07-21 08:19:18 [http-nio-8080-exec-2] DEBUG o.s.s.w.a.AnonymousAuthenticationFilter - Set SecurityContextHolder to anonymous SecurityContext
2026-07-21 08:22:50 [SpringApplicationShutdownHook] INFO  o.s.b.w.e.tomcat.GracefulShutdown - Commencing graceful shutdown. Waiting for active requests to complete
2026-07-21 08:22:51 [tomcat-shutdown] INFO  o.s.b.w.e.tomcat.GracefulShutdown - Graceful shutdown complete
2026-07-21 08:22:51 [SpringApplicationShutdownHook] INFO  o.s.o.j.LocalContainerEntityManagerFactoryBean - Closing JPA EntityManagerFactory for persistence unit 'default'
2026-07-21 08:22:51 [SpringApplicationShutdownHook] DEBUG org.hibernate.SQL - 
    drop table if exists categorias cascade 
2026-07-21 08:22:51 [SpringApplicationShutdownHook] DEBUG org.hibernate.SQL - 
    drop table if exists clientes cascade 
2026-07-21 08:22:51 [SpringApplicationShutdownHook] DEBUG org.hibernate.SQL - 
    drop table if exists itens_pedido cascade 
2026-07-21 08:22:51 [SpringApplicationShutdownHook] DEBUG org.hibernate.SQL - 
    drop table if exists pagamentos cascade 
2026-07-21 08:22:51 [SpringApplicationShutdownHook] DEBUG org.hibernate.SQL - 
    drop table if exists pedidos cascade 
2026-07-21 08:22:51 [SpringApplicationShutdownHook] DEBUG org.hibernate.SQL - 
    drop table if exists produtos cascade 
2026-07-21 08:22:51 [SpringApplicationShutdownHook] DEBUG org.hibernate.SQL - 
    drop table if exists usuarios cascade 
2026-07-21 08:22:51 [SpringApplicationShutdownHook] WARN  o.s.b.f.s.DisposableBeanAdapter - Invocation of destroy method failed on bean with name 'inMemoryDatabaseShutdownExecutor': org.h2.jdbc.JdbcSQLNonTransientConnectionException: Database is already closed (to disable automatic closing at VM shutdown, add ";DB_CLOSE_ON_EXIT=FALSE" to the db URL) [90121-232]
2026-07-21 08:22:51 [SpringApplicationShutdownHook] INFO  com.zaxxer.hikari.HikariDataSource - HikariPool-1 - Shutdown initiated...
2026-07-21 08:22:51 [SpringApplicationShutdownHook] INFO  com.zaxxer.hikari.HikariDataSource - HikariPool-1 - Shutdown completed.
2026-07-21 08:23:25 [background-preinit] INFO  o.h.validator.internal.util.Version - HV000001: Hibernate Validator 8.0.3.Final
2026-07-21 08:23:25 [Thread-0] INFO  o.s.boot.SpringApplication - Starting application using Java 17.0.19 with PID 21388 (started by PabloBezerradaSilva in C:\Users\PabloBezerradaSilva\Documents\Java\fourcamp26-pablosilva\ecommerce-api)
2026-07-21 08:23:25 [Thread-0] INFO  o.s.boot.SpringApplication - No active profile set, falling back to 1 default profile: "default"
2026-07-21 08:23:25 [Thread-0] INFO  o.s.b.d.e.DevToolsPropertyDefaultsPostProcessor - For additional web related logging consider setting the 'logging.level.web' property to 'DEBUG'
2026-07-21 08:23:27 [Thread-0] INFO  o.s.d.r.c.RepositoryConfigurationDelegate - Bootstrapping Spring Data JPA repositories in DEFAULT mode.
2026-07-21 08:23:27 [Thread-0] INFO  o.s.d.r.c.RepositoryConfigurationDelegate - Finished Spring Data repository scanning in 183 ms. Found 6 JPA repository interfaces.
2026-07-21 08:23:29 [Thread-0] INFO  o.s.b.w.e.tomcat.TomcatWebServer - Tomcat initialized with port 8080 (http)
2026-07-21 08:23:29 [Thread-0] INFO  o.a.coyote.http11.Http11NioProtocol - Initializing ProtocolHandler ["http-nio-8080"]
2026-07-21 08:23:29 [Thread-0] INFO  o.a.catalina.core.StandardService - Starting service [Tomcat]
2026-07-21 08:23:29 [Thread-0] INFO  o.a.catalina.core.StandardEngine - Starting Servlet engine: [Apache Tomcat/10.1.55]
2026-07-21 08:23:29 [Thread-0] INFO  o.a.c.c.C.[.[localhost].[/api] - Initializing Spring embedded WebApplicationContext
2026-07-21 08:23:29 [Thread-0] INFO  o.s.b.w.s.c.ServletWebServerApplicationContext - Root WebApplicationContext: initialization completed in 3659 ms
2026-07-21 08:23:29 [Thread-0] DEBUG c.e.a.s.JwtAuthenticationFilter - Filter 'jwtAuthenticationFilter' configured for use
2026-07-21 08:23:29 [Thread-0] INFO  o.h.jpa.internal.util.LogHelper - HHH000204: Processing PersistenceUnitInfo [name: default]
2026-07-21 08:23:29 [Thread-0] INFO  org.hibernate.Version - HHH000412: Hibernate ORM core version 6.6.53.Final
2026-07-21 08:23:29 [Thread-0] INFO  o.h.c.i.RegionFactoryInitiator - HHH000026: Second-level cache disabled
2026-07-21 08:23:30 [Thread-0] INFO  o.s.o.j.p.SpringPersistenceUnitInfo - No LoadTimeWeaver setup: ignoring JPA class transformer
2026-07-21 08:23:30 [Thread-0] INFO  com.zaxxer.hikari.HikariDataSource - HikariPool-1 - Starting...
2026-07-21 08:23:31 [Thread-0] INFO  com.zaxxer.hikari.pool.HikariPool - HikariPool-1 - Added connection conn0: url=jdbc:h2:mem:ecommercedb user=SA
2026-07-21 08:23:31 [Thread-0] INFO  com.zaxxer.hikari.HikariDataSource - HikariPool-1 - Start completed.
2026-07-21 08:23:31 [Thread-0] WARN  org.hibernate.orm.deprecation - HHH90000025: H2Dialect does not need to be specified explicitly using 'hibernate.dialect' (remove the property setting and it will be selected by default)
2026-07-21 08:23:31 [Thread-0] INFO  o.hibernate.orm.connections.pooling - HHH10001005: Database info:
	Database JDBC URL [Connecting through datasource 'HikariDataSource (HikariPool-1)']
	Database driver: undefined/unknown
	Database version: 2.3.232
	Autocommit mode: undefined/unknown
	Isolation level: undefined/unknown
	Minimum pool size: undefined/unknown
	Maximum pool size: undefined/unknown
2026-07-21 08:23:32 [Thread-0] INFO  o.h.e.t.j.p.i.JtaPlatformInitiator - HHH000489: No JTA platform available (set 'hibernate.transaction.jta.platform' to enable JTA platform integration)
2026-07-21 08:23:33 [Thread-0] DEBUG org.hibernate.SQL - 
    drop table if exists categorias cascade 
2026-07-21 08:23:33 [Thread-0] DEBUG org.hibernate.SQL - 
    drop table if exists clientes cascade 
2026-07-21 08:23:33 [Thread-0] DEBUG org.hibernate.SQL - 
    drop table if exists itens_pedido cascade 
2026-07-21 08:23:33 [Thread-0] DEBUG org.hibernate.SQL - 
    drop table if exists pagamentos cascade 
2026-07-21 08:23:33 [Thread-0] DEBUG org.hibernate.SQL - 
    drop table if exists pedidos cascade 
2026-07-21 08:23:33 [Thread-0] DEBUG org.hibernate.SQL - 
    drop table if exists produtos cascade 
2026-07-21 08:23:33 [Thread-0] DEBUG org.hibernate.SQL - 
    drop table if exists usuarios cascade 
2026-07-21 08:23:33 [Thread-0] DEBUG org.hibernate.SQL - 
    create table categorias (
        ativo boolean not null,
        id bigint generated by default as identity,
        nome varchar(100) not null,
        descricao TEXT,
        primary key (id)
    )
2026-07-21 08:23:33 [Thread-0] DEBUG org.hibernate.SQL - 
    create table clientes (
        ativo boolean not null,
        data_atualizacao timestamp(6),
        data_criacao timestamp(6) not null,
        id bigint generated by default as identity,
        cpf varchar(11) not null unique,
        telefone varchar(20),
        email varchar(255) not null unique,
        endereco TEXT,
        nome varchar(255) not null,
        primary key (id)
    )
2026-07-21 08:23:33 [Thread-0] DEBUG org.hibernate.SQL - 
    create table itens_pedido (
        preco_unitario numeric(10,2) not null,
        quantidade integer not null,
        id bigint generated by default as identity,
        pedido_id bigint not null,
        produto_id bigint not null,
        primary key (id)
    )
2026-07-21 08:23:33 [Thread-0] DEBUG org.hibernate.SQL - 
    create table pagamentos (
        valor float(53) not null,
        data_criacao timestamp(6) not null,
        id bigint generated by default as identity,
        pedido_id bigint not null,
        metodo varchar(50) not null,
        status enum ('APROVADO','PENDENTE','RECUSADO','REEMBOLSADO') not null,
        primary key (id)
    )
2026-07-21 08:23:33 [Thread-0] DEBUG org.hibernate.SQL - 
    create table pedidos (
        total float(53) not null,
        cliente_id bigint not null,
        data_atualizacao timestamp(6),
        data_criacao timestamp(6) not null,
        id bigint generated by default as identity,
        status enum ('CANCELADO','CONFIRMADO','ENTREGUE','ENVIADO','PENDENTE') not null,
        primary key (id)
    )
2026-07-21 08:23:33 [Thread-0] DEBUG org.hibernate.SQL - 
    create table produtos (
        ativo boolean not null,
        estoque integer not null,
        preco numeric(38,2) not null,
        categoria_id bigint not null,
        id bigint generated by default as identity,
        descricao TEXT,
        nome varchar(255) not null,
        primary key (id)
    )
2026-07-21 08:23:33 [Thread-0] DEBUG org.hibernate.SQL - 
    create table usuarios (
        ativo boolean not null,
        id bigint generated by default as identity,
        email varchar(255) not null unique,
        nome varchar(255) not null,
        senha varchar(255) not null,
        papel enum ('ADMIN','USER') not null,
        primary key (id)
    )
2026-07-21 08:23:33 [Thread-0] DEBUG org.hibernate.SQL - 
    alter table if exists itens_pedido 
       add constraint FK42mycompce3b7yt3l6ukdwsxy 
       foreign key (pedido_id) 
       references pedidos
2026-07-21 08:23:33 [Thread-0] DEBUG org.hibernate.SQL - 
    alter table if exists itens_pedido 
       add constraint FKxytdlekpdaobqphujy9bmuhl 
       foreign key (produto_id) 
       references produtos
2026-07-21 08:23:33 [Thread-0] DEBUG org.hibernate.SQL - 
    alter table if exists pagamentos 
       add constraint FKb0dh6865y8h4irwdrl4ici3kl 
       foreign key (pedido_id) 
       references pedidos
2026-07-21 08:23:33 [Thread-0] DEBUG org.hibernate.SQL - 
    alter table if exists pedidos 
       add constraint FKg7202lk0hwxn04bmdl2thth5b 
       foreign key (cliente_id) 
       references clientes
2026-07-21 08:23:33 [Thread-0] DEBUG org.hibernate.SQL - 
    alter table if exists produtos 
       add constraint FK8rqw0ljwdaom34jr2t46bjtrn 
       foreign key (categoria_id) 
       references categorias
2026-07-21 08:23:33 [Thread-0] INFO  o.s.o.j.LocalContainerEntityManagerFactoryBean - Initialized JPA EntityManagerFactory for persistence unit 'default'
2026-07-21 08:23:34 [Thread-0] DEBUG o.s.w.s.m.m.a.RequestMappingHandlerMapping - 45 mappings in 'requestMappingHandlerMapping'
2026-07-21 08:23:34 [Thread-0] DEBUG o.s.w.s.h.SimpleUrlHandlerMapping - Patterns [/h2-console] in 'viewControllerHandlerMapping'
2026-07-21 08:23:34 [Thread-0] DEBUG o.s.w.s.h.SimpleUrlHandlerMapping - Patterns [/webjars/**, /**, /swagger-ui/**, /swagger-ui/*swagger-initializer.js, /webjars/*swagger-ui/**, /webjars/*swagger-ui/*swagger-initializer.js, /webjars/*swagger-ui/5.32.2/*swagger-initializer.js] in 'resourceHandlerMapping'
2026-07-21 08:23:34 [Thread-0] DEBUG o.s.s.c.a.a.c.AuthenticationConfiguration$DefaultPasswordEncoderAuthenticationManagerBuilder - No authenticationProviders and no parentAuthenticationManager defined. Returning null.
2026-07-21 08:23:34 [Thread-0] DEBUG o.s.s.web.DefaultSecurityFilterChain - Will secure any request with filters: DisableEncodeUrlFilter, WebAsyncManagerIntegrationFilter, SecurityContextHolderFilter, HeaderWriterFilter, LogoutFilter, JwtAuthenticationFilter, RequestCacheAwareFilter, SecurityContextHolderAwareRequestFilter, AnonymousAuthenticationFilter, SessionManagementFilter, ExceptionTranslationFilter, AuthorizationFilter
2026-07-21 08:23:35 [Thread-0] DEBUG o.s.w.s.m.m.a.RequestMappingHandlerAdapter - ControllerAdvice beans: 0 @ModelAttribute, 0 @InitBinder, 1 RequestBodyAdvice, 1 ResponseBodyAdvice
2026-07-21 08:23:35 [Thread-0] DEBUG o.s.w.s.m.m.a.ExceptionHandlerExceptionResolver - ControllerAdvice beans: 2 @ExceptionHandler, 1 ResponseBodyAdvice
2026-07-21 08:23:35 [Thread-0] INFO  o.a.coyote.http11.Http11NioProtocol - Starting ProtocolHandler ["http-nio-8080"]
2026-07-21 08:23:35 [Thread-0] INFO  o.s.b.w.e.tomcat.TomcatWebServer - Tomcat started on port 8080 (http) with context path '/api'
2026-07-21 08:23:35 [Thread-0] INFO  o.s.boot.SpringApplication - Started application in 11.033 seconds (process running for 12.945)
2026-07-21 08:23:35 [Thread-0] WARN  o.s.c.events.SpringDocAppInitializer - SpringDoc /v3/api-docs endpoint is enabled by default. To disable it in production, set the property 'springdoc.api-docs.enabled=false'
2026-07-21 08:23:40 [http-nio-8080-exec-1] INFO  o.a.c.c.C.[.[localhost].[/api] - Initializing Spring DispatcherServlet 'dispatcherServlet'
2026-07-21 08:23:40 [http-nio-8080-exec-1] INFO  o.s.web.servlet.DispatcherServlet - Initializing Servlet 'dispatcherServlet'
2026-07-21 08:23:40 [http-nio-8080-exec-1] DEBUG o.s.web.servlet.DispatcherServlet - Detected StandardServletMultipartResolver
2026-07-21 08:23:40 [http-nio-8080-exec-1] DEBUG o.s.web.servlet.DispatcherServlet - Detected AcceptHeaderLocaleResolver
2026-07-21 08:23:40 [http-nio-8080-exec-1] DEBUG o.s.web.servlet.DispatcherServlet - Detected FixedThemeResolver
2026-07-21 08:23:40 [http-nio-8080-exec-1] DEBUG o.s.web.servlet.DispatcherServlet - Detected org.springframework.web.servlet.view.DefaultRequestToViewNameTranslator@336a6e37
2026-07-21 08:23:40 [http-nio-8080-exec-1] DEBUG o.s.web.servlet.DispatcherServlet - Detected org.springframework.web.servlet.support.SessionFlashMapManager@6f2a60b9
2026-07-21 08:23:40 [http-nio-8080-exec-1] DEBUG o.s.web.servlet.DispatcherServlet - enableLoggingRequestDetails='false': request parameters and headers will be masked to prevent unsafe logging of potentially sensitive data
2026-07-21 08:23:40 [http-nio-8080-exec-1] INFO  o.s.web.servlet.DispatcherServlet - Completed initialization in 7 ms
2026-07-21 08:23:40 [http-nio-8080-exec-1] DEBUG o.s.security.web.FilterChainProxy - Securing GET /swagger-ui.html
2026-07-21 08:23:40 [http-nio-8080-exec-1] DEBUG o.s.s.w.a.AnonymousAuthenticationFilter - Set SecurityContextHolder to anonymous SecurityContext
2026-07-21 08:23:40 [http-nio-8080-exec-1] DEBUG o.s.security.web.FilterChainProxy - Secured GET /swagger-ui.html
2026-07-21 08:23:40 [http-nio-8080-exec-1] DEBUG o.s.web.servlet.DispatcherServlet - GET "/api/swagger-ui.html", parameters={}
2026-07-21 08:23:40 [http-nio-8080-exec-1] DEBUG o.s.w.s.m.m.a.RequestMappingHandlerMapping - Mapped to org.springdoc.webmvc.ui.SwaggerWelcomeWebMvc#redirectToUi(HttpServletRequest)
2026-07-21 08:23:40 [http-nio-8080-exec-1] DEBUG o.s.w.s.m.m.a.HttpEntityMethodProcessor - Using 'application/json;q=0.8', given [text/html, application/xhtml+xml, image/avif, image/webp, image/apng, application/xml;q=0.9, */*;q=0.8, application/signed-exchange;v=b3;q=0.7] and supported [application/json, application/*+json, application/yaml]
2026-07-21 08:23:40 [http-nio-8080-exec-1] DEBUG o.s.w.s.m.m.a.HttpEntityMethodProcessor - Nothing to write: null body
2026-07-21 08:23:40 [http-nio-8080-exec-1] DEBUG o.s.web.servlet.DispatcherServlet - Completed 302 FOUND
2026-07-21 08:23:40 [http-nio-8080-exec-2] DEBUG o.s.security.web.FilterChainProxy - Securing GET /swagger-ui/index.html
2026-07-21 08:23:40 [http-nio-8080-exec-2] DEBUG o.s.s.w.a.AnonymousAuthenticationFilter - Set SecurityContextHolder to anonymous SecurityContext
2026-07-21 08:23:40 [http-nio-8080-exec-2] DEBUG o.s.security.web.FilterChainProxy - Secured GET /swagger-ui/index.html
2026-07-21 08:23:40 [http-nio-8080-exec-2] DEBUG o.s.web.servlet.DispatcherServlet - GET "/api/swagger-ui/index.html", parameters={}
2026-07-21 08:23:40 [http-nio-8080-exec-2] DEBUG o.s.w.s.h.SimpleUrlHandlerMapping - Mapped to ResourceHttpRequestHandler [classpath [META-INF/resources/webjars/swagger-ui/5.32.2/]]
2026-07-21 08:23:40 [http-nio-8080-exec-2] DEBUG o.s.web.servlet.DispatcherServlet - Completed 304 NOT_MODIFIED
2026-07-21 08:23:40 [http-nio-8080-exec-3] DEBUG o.s.security.web.FilterChainProxy - Securing GET /swagger-ui/swagger-initializer.js
2026-07-21 08:23:40 [http-nio-8080-exec-4] DEBUG o.s.security.web.FilterChainProxy - Securing GET /swagger-ui/swagger-ui.css
2026-07-21 08:23:40 [http-nio-8080-exec-3] DEBUG o.s.s.w.a.AnonymousAuthenticationFilter - Set SecurityContextHolder to anonymous SecurityContext
2026-07-21 08:23:40 [http-nio-8080-exec-4] DEBUG o.s.s.w.a.AnonymousAuthenticationFilter - Set SecurityContextHolder to anonymous SecurityContext
2026-07-21 08:23:40 [http-nio-8080-exec-3] DEBUG o.s.security.web.FilterChainProxy - Secured GET /swagger-ui/swagger-initializer.js
2026-07-21 08:23:40 [http-nio-8080-exec-5] DEBUG o.s.security.web.FilterChainProxy - Securing GET /swagger-ui/index.css
2026-07-21 08:23:40 [http-nio-8080-exec-6] DEBUG o.s.security.web.FilterChainProxy - Securing GET /swagger-ui/swagger-ui-bundle.js
2026-07-21 08:23:40 [http-nio-8080-exec-7] DEBUG o.s.security.web.FilterChainProxy - Securing GET /swagger-ui/swagger-ui-standalone-preset.js
2026-07-21 08:23:40 [http-nio-8080-exec-4] DEBUG o.s.security.web.FilterChainProxy - Secured GET /swagger-ui/swagger-ui.css
2026-07-21 08:23:40 [http-nio-8080-exec-3] DEBUG o.s.web.servlet.DispatcherServlet - GET "/api/swagger-ui/swagger-initializer.js", parameters={}
2026-07-21 08:23:40 [http-nio-8080-exec-6] DEBUG o.s.s.w.a.AnonymousAuthenticationFilter - Set SecurityContextHolder to anonymous SecurityContext
2026-07-21 08:23:40 [http-nio-8080-exec-5] DEBUG o.s.s.w.a.AnonymousAuthenticationFilter - Set SecurityContextHolder to anonymous SecurityContext
2026-07-21 08:23:40 [http-nio-8080-exec-4] DEBUG o.s.web.servlet.DispatcherServlet - GET "/api/swagger-ui/swagger-ui.css", parameters={}
2026-07-21 08:23:40 [http-nio-8080-exec-5] DEBUG o.s.security.web.FilterChainProxy - Secured GET /swagger-ui/index.css
2026-07-21 08:23:40 [http-nio-8080-exec-7] DEBUG o.s.s.w.a.AnonymousAuthenticationFilter - Set SecurityContextHolder to anonymous SecurityContext
2026-07-21 08:23:40 [http-nio-8080-exec-6] DEBUG o.s.security.web.FilterChainProxy - Secured GET /swagger-ui/swagger-ui-bundle.js
2026-07-21 08:23:40 [http-nio-8080-exec-7] DEBUG o.s.security.web.FilterChainProxy - Secured GET /swagger-ui/swagger-ui-standalone-preset.js
2026-07-21 08:23:40 [http-nio-8080-exec-7] DEBUG o.s.web.servlet.DispatcherServlet - GET "/api/swagger-ui/swagger-ui-standalone-preset.js", parameters={}
2026-07-21 08:23:40 [http-nio-8080-exec-3] DEBUG o.s.w.s.h.SimpleUrlHandlerMapping - Mapped to ResourceHttpRequestHandler [classpath [META-INF/resources/webjars/swagger-ui/5.32.2/]]
2026-07-21 08:23:40 [http-nio-8080-exec-5] DEBUG o.s.web.servlet.DispatcherServlet - GET "/api/swagger-ui/index.css", parameters={}
2026-07-21 08:23:40 [http-nio-8080-exec-4] DEBUG o.s.w.s.h.SimpleUrlHandlerMapping - Mapped to ResourceHttpRequestHandler [classpath [META-INF/resources/webjars/swagger-ui/5.32.2/]]
2026-07-21 08:23:40 [http-nio-8080-exec-6] DEBUG o.s.web.servlet.DispatcherServlet - GET "/api/swagger-ui/swagger-ui-bundle.js", parameters={}
2026-07-21 08:23:40 [http-nio-8080-exec-7] DEBUG o.s.w.s.h.SimpleUrlHandlerMapping - Mapped to ResourceHttpRequestHandler [classpath [META-INF/resources/webjars/swagger-ui/5.32.2/]]
2026-07-21 08:23:40 [http-nio-8080-exec-4] DEBUG o.s.web.servlet.DispatcherServlet - Completed 304 NOT_MODIFIED
2026-07-21 08:23:40 [http-nio-8080-exec-5] DEBUG o.s.w.s.h.SimpleUrlHandlerMapping - Mapped to ResourceHttpRequestHandler [classpath [META-INF/resources/webjars/swagger-ui/5.32.2/]]
2026-07-21 08:23:40 [http-nio-8080-exec-6] DEBUG o.s.w.s.h.SimpleUrlHandlerMapping - Mapped to ResourceHttpRequestHandler [classpath [META-INF/resources/webjars/swagger-ui/5.32.2/]]
2026-07-21 08:23:40 [http-nio-8080-exec-7] DEBUG o.s.web.servlet.DispatcherServlet - Completed 304 NOT_MODIFIED
2026-07-21 08:23:40 [http-nio-8080-exec-5] DEBUG o.s.web.servlet.DispatcherServlet - Completed 304 NOT_MODIFIED
2026-07-21 08:23:40 [http-nio-8080-exec-6] DEBUG o.s.web.servlet.DispatcherServlet - Completed 304 NOT_MODIFIED
2026-07-21 08:23:41 [http-nio-8080-exec-3] DEBUG o.s.web.servlet.DispatcherServlet - Completed 200 OK
2026-07-21 08:23:41 [http-nio-8080-exec-8] DEBUG o.s.security.web.FilterChainProxy - Securing GET /v3/api-docs/swagger-config
2026-07-21 08:23:41 [http-nio-8080-exec-8] DEBUG o.s.s.w.a.AnonymousAuthenticationFilter - Set SecurityContextHolder to anonymous SecurityContext
2026-07-21 08:23:41 [http-nio-8080-exec-8] DEBUG o.s.security.web.FilterChainProxy - Secured GET /v3/api-docs/swagger-config
2026-07-21 08:23:41 [http-nio-8080-exec-8] DEBUG o.s.web.servlet.DispatcherServlet - GET "/api/v3/api-docs/swagger-config", parameters={}
2026-07-21 08:23:41 [http-nio-8080-exec-8] DEBUG o.s.w.s.m.m.a.RequestMappingHandlerMapping - Mapped to org.springdoc.webmvc.ui.SwaggerConfigResource#openapiJson(HttpServletRequest)
2026-07-21 08:23:41 [http-nio-8080-exec-8] DEBUG o.s.w.s.m.m.a.RequestResponseBodyMethodProcessor - Using 'application/json', given [*/*] and supported [application/json]
2026-07-21 08:23:41 [http-nio-8080-exec-9] DEBUG o.s.security.web.FilterChainProxy - Securing GET /swagger-ui/favicon-32x32.png
2026-07-21 08:23:41 [http-nio-8080-exec-9] DEBUG o.s.s.w.a.AnonymousAuthenticationFilter - Set SecurityContextHolder to anonymous SecurityContext
2026-07-21 08:23:41 [http-nio-8080-exec-9] DEBUG o.s.security.web.FilterChainProxy - Secured GET /swagger-ui/favicon-32x32.png
2026-07-21 08:23:41 [http-nio-8080-exec-9] DEBUG o.s.web.servlet.DispatcherServlet - GET "/api/swagger-ui/favicon-32x32.png", parameters={}
2026-07-21 08:23:41 [http-nio-8080-exec-8] DEBUG o.s.w.s.m.m.a.RequestResponseBodyMethodProcessor - Writing [{configUrl=/api/v3/api-docs/swagger-config, docExpansion=list, oauth2RedirectUrl=http://localhost:80 (truncated)...]
2026-07-21 08:23:41 [http-nio-8080-exec-9] DEBUG o.s.w.s.h.SimpleUrlHandlerMapping - Mapped to ResourceHttpRequestHandler [classpath [META-INF/resources/webjars/swagger-ui/5.32.2/]]
2026-07-21 08:23:41 [http-nio-8080-exec-9] DEBUG o.s.web.servlet.DispatcherServlet - Completed 304 NOT_MODIFIED
2026-07-21 08:23:41 [http-nio-8080-exec-8] DEBUG o.s.web.servlet.DispatcherServlet - Completed 200 OK
2026-07-21 08:23:41 [http-nio-8080-exec-10] DEBUG o.s.security.web.FilterChainProxy - Securing GET /v3/api-docs
2026-07-21 08:23:41 [http-nio-8080-exec-10] DEBUG o.s.s.w.a.AnonymousAuthenticationFilter - Set SecurityContextHolder to anonymous SecurityContext
2026-07-21 08:23:41 [http-nio-8080-exec-10] DEBUG o.s.security.web.FilterChainProxy - Secured GET /v3/api-docs
2026-07-21 08:23:41 [http-nio-8080-exec-10] DEBUG o.s.web.servlet.DispatcherServlet - GET "/api/v3/api-docs", parameters={}
2026-07-21 08:23:41 [http-nio-8080-exec-10] DEBUG o.s.w.s.m.m.a.RequestMappingHandlerMapping - Mapped to org.springdoc.webmvc.api.OpenApiWebMvcResource#openapiJson(HttpServletRequest, String, Locale)
2026-07-21 08:23:43 [http-nio-8080-exec-10] INFO  o.s.api.AbstractOpenApiResource - Init duration for springdoc-openapi is: 1898 ms
2026-07-21 08:23:43 [http-nio-8080-exec-10] DEBUG o.s.w.s.m.m.a.RequestResponseBodyMethodProcessor - Using 'application/json', given [application/json, */*] and supported [application/json]
2026-07-21 08:23:43 [http-nio-8080-exec-10] DEBUG o.s.w.s.m.m.a.RequestResponseBodyMethodProcessor - Writing [{123, 34, 111, 112, 101, 110, 97, 112, 105, 34, 58, 34, 51, 46, 49, 46, 48, 34, 44, 34, 105, 110, 10 (truncated)...]
2026-07-21 08:23:43 [http-nio-8080-exec-10] DEBUG o.s.web.servlet.DispatcherServlet - Completed 200 OK
2026-07-21 08:25:17 [http-nio-8080-exec-6] DEBUG o.s.security.web.FilterChainProxy - Securing GET /clientes/todos
2026-07-21 08:25:17 [http-nio-8080-exec-6] DEBUG o.s.s.w.a.AnonymousAuthenticationFilter - Set SecurityContextHolder to anonymous SecurityContext
2026-07-21 08:26:48 [http-nio-8080-exec-9] DEBUG o.s.security.web.FilterChainProxy - Securing POST /clientes
2026-07-21 08:26:48 [http-nio-8080-exec-9] DEBUG o.s.s.w.a.AnonymousAuthenticationFilter - Set SecurityContextHolder to anonymous SecurityContext
2026-07-21 08:26:56 [http-nio-8080-exec-8] DEBUG o.s.security.web.FilterChainProxy - Securing POST /clientes
2026-07-21 08:26:56 [http-nio-8080-exec-8] DEBUG o.s.s.w.a.AnonymousAuthenticationFilter - Set SecurityContextHolder to anonymous SecurityContext
2026-07-21 08:27:16 [http-nio-8080-exec-10] DEBUG o.s.security.web.FilterChainProxy - Securing GET /clientes/todos
2026-07-21 08:27:16 [http-nio-8080-exec-10] DEBUG o.s.s.w.a.AnonymousAuthenticationFilter - Set SecurityContextHolder to anonymous SecurityContext
2026-07-21 08:28:28 [http-nio-8080-exec-4] DEBUG o.s.security.web.FilterChainProxy - Securing POST /clientes
2026-07-21 08:28:28 [http-nio-8080-exec-4] DEBUG o.s.s.w.a.AnonymousAuthenticationFilter - Set SecurityContextHolder to anonymous SecurityContext
2026-07-21 08:29:28 [SpringApplicationShutdownHook] INFO  o.s.b.w.e.tomcat.GracefulShutdown - Commencing graceful shutdown. Waiting for active requests to complete
2026-07-21 08:29:29 [tomcat-shutdown] INFO  o.s.b.w.e.tomcat.GracefulShutdown - Graceful shutdown complete
2026-07-21 08:29:29 [SpringApplicationShutdownHook] INFO  o.s.o.j.LocalContainerEntityManagerFactoryBean - Closing JPA EntityManagerFactory for persistence unit 'default'
2026-07-21 08:29:29 [SpringApplicationShutdownHook] DEBUG org.hibernate.SQL - 
    drop table if exists categorias cascade 
2026-07-21 08:29:29 [SpringApplicationShutdownHook] DEBUG org.hibernate.SQL - 
    drop table if exists clientes cascade 
2026-07-21 08:29:29 [SpringApplicationShutdownHook] DEBUG org.hibernate.SQL - 
    drop table if exists itens_pedido cascade 
2026-07-21 08:29:29 [SpringApplicationShutdownHook] DEBUG org.hibernate.SQL - 
    drop table if exists pagamentos cascade 
2026-07-21 08:29:29 [SpringApplicationShutdownHook] DEBUG org.hibernate.SQL - 
    drop table if exists pedidos cascade 
2026-07-21 08:29:29 [SpringApplicationShutdownHook] DEBUG org.hibernate.SQL - 
    drop table if exists produtos cascade 
2026-07-21 08:29:29 [SpringApplicationShutdownHook] DEBUG org.hibernate.SQL - 
    drop table if exists usuarios cascade 
2026-07-21 08:29:29 [SpringApplicationShutdownHook] WARN  o.s.b.f.s.DisposableBeanAdapter - Invocation of destroy method failed on bean with name 'inMemoryDatabaseShutdownExecutor': org.h2.jdbc.JdbcSQLNonTransientConnectionException: Database is already closed (to disable automatic closing at VM shutdown, add ";DB_CLOSE_ON_EXIT=FALSE" to the db URL) [90121-232]
2026-07-21 08:29:29 [SpringApplicationShutdownHook] INFO  com.zaxxer.hikari.HikariDataSource - HikariPool-1 - Shutdown initiated...
2026-07-21 08:29:29 [SpringApplicationShutdownHook] INFO  com.zaxxer.hikari.HikariDataSource - HikariPool-1 - Shutdown completed.
